<w> [webpack.cache.PackFileCacheStrategy] Serializing big strings (113kiB) impacts deserialization performance (consider using Buffer instead and decode when needed)
<w> [webpack.cache.PackFileCacheStrategy] Serializing big strings (267kiB) impacts deserialization performance (consider using Buffer instead and decode when needed)
 ⨯ ./lib/supabase/server.js
Error:   [31mx[0m You're importing a component that needs "next/headers". That only works in a Server Component which is not supported in the pages/ directory. Read more: https://nextjs.org/docs/app/building-your-application/rendering/server-components
  [31m|[0m

   ,-[[36;1;4mK:\WEBSIT\Alrahma\Alrahma Admin\lib\supabase\server.js[0m:2:1]
 [2m1[0m | import { createServerClient } from "@supabase/ssr";
 [2m2[0m | import { cookies } from "next/headers";
   : [35;1m^^^^^^^^^^^^^^^^^^^^^^^^^^^^^^^^^^^^^^^[0m
 [2m3[0m | 
 [2m4[0m | /**
 [2m5[0m |  * عميل المصادقة للسيرفر (Server Components / Server Actions / Route Handlers).
   `----

Import trace for requested module:
./lib/supabase/server.js
./lib/rbac.js
./components/staff/StaffPanel.jsx
 ⨯ ./lib/supabase/server.js
Error:   [31mx[0m You're importing a component that needs "next/headers". That only works in a Server Component which is not supported in the pages/ directory. Read more: https://nextjs.org/docs/app/building-your-application/rendering/server-components
  [31m|[0m

   ,-[[36;1;4mK:\WEBSIT\Alrahma\Alrahma Admin\lib\supabase\server.js[0m:2:1]
 [2m1[0m | import { createServerClient } from "@supabase/ssr";
 [2m2[0m | import { cookies } from "next/headers";
   : [35;1m^^^^^^^^^^^^^^^^^^^^^^^^^^^^^^^^^^^^^^^[0m
 [2m3[0m | 
 [2m4[0m | /**
 [2m5[0m |  * عميل المصادقة للسيرفر (Server Components / Server Actions / Route Handlers).
   `----

Import trace for requested module:
./lib/supabase/server.js
./lib/rbac.js
./components/staff/StaffPanel.jsx
 ⨯ ./lib/supabase/server.js
Error:   [31mx[0m You're importing a component that needs "next/headers". That only works in a Server Component which is not supported in the pages/ directory. Read more: https://nextjs.org/docs/app/building-your-application/rendering/server-components
  [31m|[0m

   ,-[[36;1;4mK:\WEBSIT\Alrahma\Alrahma Admin\lib\supabase\server.js[0m:2:1]
 [2m1[0m | import { createServerClient } from "@supabase/ssr";
 [2m2[0m | import { cookies } from "next/headers";
   : [35;1m^^^^^^^^^^^^^^^^^^^^^^^^^^^^^^^^^^^^^^^[0m
 [2m3[0m | 
 [2m4[0m | /**
 [2m5[0m |  * عميل المصادقة للسيرفر (Server Components / Server Actions / Route Handlers).
   `----

Import trace for requested module:
./lib/supabase/server.js
./lib/rbac.js
./components/staff/StaffPanel.jsx
 ⨯ ./lib/supabase/server.js
Error:   [31mx[0m You're importing a component that needs "next/headers". That only works in a Server Component which is not supported in the pages/ directory. Read more: https://nextjs.org/docs/app/building-your-application/rendering/server-components
  [31m|[0m

   ,-[[36;1;4mK:\WEBSIT\Alrahma\Alrahma Admin\lib\supabase\server.js[0m:2:1]
 [2m1[0m | import { createServerClient } from "@supabase/ssr";
 [2m2[0m | import { cookies } from "next/headers";
   : [35;1m^^^^^^^^^^^^^^^^^^^^^^^^^^^^^^^^^^^^^^^[0m
 [2m3[0m | 
 [2m4[0m | /**
 [2m5[0m |  * عميل المصادقة للسيرفر (Server Components / Server Actions / Route Handlers).
   `----

Import trace for requested module:
./lib/supabase/server.js
./lib/rbac.js
./components/staff/StaffPanel.jsx
 ⨯ ./lib/supabase/server.js
Error:   [31mx[0m You're importing a component that needs "next/headers". That only works in a Server Component which is not supported in the pages/ directory. Read more: https://nextjs.org/docs/app/building-your-application/rendering/server-components
  [31m|[0m

   ,-[[36;1;4mK:\WEBSIT\Alrahma\Alrahma Admin\lib\supabase\server.js[0m:2:1]
 [2m1[0m | import { createServerClient } from "@supabase/ssr";
 [2m2[0m | import { cookies } from "next/headers";
   : [35;1m^^^^^^^^^^^^^^^^^^^^^^^^^^^^^^^^^^^^^^^[0m
 [2m3[0m | 
 [2m4[0m | /**
 [2m5[0m |  * عميل المصادقة للسيرفر (Server Components / Server Actions / Route Handlers).
   `----

Import trace for requested module:
./lib/supabase/server.js
./lib/rbac.js
./components/staff/StaffPanel.jsx
 ⨯ ./lib/supabase/server.js
Error:   [31mx[0m You're importing a component that needs "next/headers". That only works in a Server Component which is not supported in the pages/ directory. Read more: https://nextjs.org/docs/app/building-your-application/rendering/server-components
  [31m|[0m

   ,-[[36;1;4mK:\WEBSIT\Alrahma\Alrahma Admin\lib\supabase\server.js[0m:2:1]
 [2m1[0m | import { createServerClient } from "@supabase/ssr";
 [2m2[0m | import { cookies } from "next/headers";
   : [35;1m^^^^^^^^^^^^^^^^^^^^^^^^^^^^^^^^^^^^^^^[0m
 [2m3[0m | 
 [2m4[0m | /**
 [2m5[0m |  * عميل المصادقة للسيرفر (Server Components / Server Actions / Route Handlers).
   `----

Import trace for requested module:
./lib/supabase/server.js
./lib/rbac.js
./components/staff/StaffPanel.jsx
 ⨯ ./lib/supabase/server.js
Error:   [31mx[0m You're importing a component that needs "next/headers". That only works in a Server Component which is not supported in the pages/ directory. Read more: https://nextjs.org/docs/app/building-your-application/rendering/server-components
  [31m|[0m

   ,-[[36;1;4mK:\WEBSIT\Alrahma\Alrahma Admin\lib\supabase\server.js[0m:2:1]
 [2m1[0m | import { createServerClient } from "@supabase/ssr";
 [2m2[0m | import { cookies } from "next/headers";
   : [35;1m^^^^^^^^^^^^^^^^^^^^^^^^^^^^^^^^^^^^^^^[0m
 [2m3[0m | 
 [2m4[0m | /**
 [2m5[0m |  * عميل المصادقة للسيرفر (Server Components / Server Actions / Route Handlers).
   `----

Import trace for requested module:
./lib/supabase/server.js
./lib/rbac.js
./components/staff/StaffPanel.jsx
 ⨯ ./lib/supabase/server.js
Error:   [31mx[0m You're importing a component that needs "next/headers". That only works in a Server Component which is not supported in the pages/ directory. Read more: https://nextjs.org/docs/app/building-your-application/rendering/server-components
  [31m|[0m

   ,-[[36;1;4mK:\WEBSIT\Alrahma\Alrahma Admin\lib\supabase\server.js[0m:2:1]
 [2m1[0m | import { createServerClient } from "@supabase/ssr";
 [2m2[0m | import { cookies } from "next/headers";
   : [35;1m^^^^^^^^^^^^^^^^^^^^^^^^^^^^^^^^^^^^^^^[0m
 [2m3[0m | 
 [2m4[0m | /**
 [2m5[0m |  * عميل المصادقة للسيرفر (Server Components / Server Actions / Route Handlers).
   `----

Import trace for requested module:
./lib/supabase/server.js
./lib/rbac.js
./components/staff/StaffPanel.jsx
 ⨯ ./lib/supabase/server.js
Error:   [31mx[0m You're importing a component that needs "next/headers". That only works in a Server Component which is not supported in the pages/ directory. Read more: https://nextjs.org/docs/app/building-your-application/rendering/server-components
  [31m|[0m

   ,-[[36;1;4mK:\WEBSIT\Alrahma\Alrahma Admin\lib\supabase\server.js[0m:2:1]
 [2m1[0m | import { createServerClient } from "@supabase/ssr";
 [2m2[0m | import { cookies } from "next/headers";
   : [35;1m^^^^^^^^^^^^^^^^^^^^^^^^^^^^^^^^^^^^^^^[0m
 [2m3[0m | 
 [2m4[0m | /**
 [2m5[0m |  * عميل المصادقة للسيرفر (Server Components / Server Actions / Route Handlers).
   `----

Import trace for requested module:
./lib/supabase/server.js
./lib/rbac.js
./components/staff/StaffPanel.jsx
 ⨯ ./lib/supabase/server.js
Error:   [31mx[0m You're importing a component that needs "next/headers". That only works in a Server Component which is not supported in the pages/ directory. Read more: https://nextjs.org/docs/app/building-your-application/rendering/server-components
  [31m|[0m

   ,-[[36;1;4mK:\WEBSIT\Alrahma\Alrahma Admin\lib\supabase\server.js[0m:2:1]
 [2m1[0m | import { createServerClient } from "@supabase/ssr";
 [2m2[0m | import { cookies } from "next/headers";
   : [35;1m^^^^^^^^^^^^^^^^^^^^^^^^^^^^^^^^^^^^^^^[0m
 [2m3[0m | 
 [2m4[0m | /**
 [2m5[0m |  * عميل المصادقة للسيرفر (Server Components / Server Actions / Route Handlers).
   `----

Import trace for requested module:
./lib/supabase/server.js
./lib/rbac.js
./components/staff/StaffPanel.jsx
 ⨯ ./lib/supabase/server.js
Error:   [31mx[0m You're importing a component that needs "next/headers". That only works in a Server Component which is not supported in the pages/ directory. Read more: https://nextjs.org/docs/app/building-your-application/rendering/server-components
  [31m|[0m

   ,-[[36;1;4mK:\WEBSIT\Alrahma\Alrahma Admin\lib\supabase\server.js[0m:2:1]
 [2m1[0m | import { createServerClient } from "@supabase/ssr";
 [2m2[0m | import { cookies } from "next/headers";
   : [35;1m^^^^^^^^^^^^^^^^^^^^^^^^^^^^^^^^^^^^^^^[0m
 [2m3[0m | 
 [2m4[0m | /**
 [2m5[0m |  * عميل المصادقة للسيرفر (Server Components / Server Actions / Route Handlers).
   `----

Import trace for requested module:
./lib/supabase/server.js
./lib/rbac.js
./components/staff/StaffPanel.jsx
 ⨯ ./lib/supabase/server.js
Error:   [31mx[0m You're importing a component that needs "next/headers". That only works in a Server Component which is not supported in the pages/ directory. Read more: https://nextjs.org/docs/app/building-your-application/rendering/server-components
  [31m|[0m

   ,-[[36;1;4mK:\WEBSIT\Alrahma\Alrahma Admin\lib\supabase\server.js[0m:2:1]
 [2m1[0m | import { createServerClient } from "@supabase/ssr";
 [2m2[0m | import { cookies } from "next/headers";
   : [35;1m^^^^^^^^^^^^^^^^^^^^^^^^^^^^^^^^^^^^^^^[0m
 [2m3[0m | 
 [2m4[0m | /**
 [2m5[0m |  * عميل المصادقة للسيرفر (Server Components / Server Actions / Route Handlers).
   `----

Import trace for requested module:
./lib/supabase/server.js
./lib/rbac.js
./components/staff/StaffPanel.jsx
 ⨯ ./lib/supabase/server.js
Error:   [31mx[0m You're importing a component that needs "next/headers". That only works in a Server Component which is not supported in the pages/ directory. Read more: https://nextjs.org/docs/app/building-your-application/rendering/server-components
  [31m|[0m

   ,-[[36;1;4mK:\WEBSIT\Alrahma\Alrahma Admin\lib\supabase\server.js[0m:2:1]
 [2m1[0m | import { createServerClient } from "@supabase/ssr";
 [2m2[0m | import { cookies } from "next/headers";
   : [35;1m^^^^^^^^^^^^^^^^^^^^^^^^^^^^^^^^^^^^^^^[0m
 [2m3[0m | 
 [2m4[0m | /**
 [2m5[0m |  * عميل المصادقة للسيرفر (Server Components / Server Actions / Route Handlers).
   `----

Import trace for requested module:
./lib/supabase/server.js
./lib/rbac.js
./components/staff/StaffPanel.jsx
 ⨯ ./lib/supabase/server.js
Error:   [31mx[0m You're importing a component that needs "next/headers". That only works in a Server Component which is not supported in the pages/ directory. Read more: https://nextjs.org/docs/app/building-your-application/rendering/server-components
  [31m|[0m

   ,-[[36;1;4mK:\WEBSIT\Alrahma\Alrahma Admin\lib\supabase\server.js[0m:2:1]
 [2m1[0m | import { createServerClient } from "@supabase/ssr";
 [2m2[0m | import { cookies } from "next/headers";
   : [35;1m^^^^^^^^^^^^^^^^^^^^^^^^^^^^^^^^^^^^^^^[0m
 [2m3[0m | 
 [2m4[0m | /**
 [2m5[0m |  * عميل المصادقة للسيرفر (Server Components / Server Actions / Route Handlers).
   `----

Import trace for requested module:
./lib/supabase/server.js
./lib/rbac.js
./components/staff/StaffPanel.jsx
 ⨯ ./lib/supabase/server.js
Error:   [31mx[0m You're importing a component that needs "next/headers". That only works in a Server Component which is not supported in the pages/ directory. Read more: https://nextjs.org/docs/app/building-your-application/rendering/server-components
  [31m|[0m

   ,-[[36;1;4mK:\WEBSIT\Alrahma\Alrahma Admin\lib\supabase\server.js[0m:2:1]
 [2m1[0m | import { createServerClient } from "@supabase/ssr";
 [2m2[0m | import { cookies } from "next/headers";
   : [35;1m^^^^^^^^^^^^^^^^^^^^^^^^^^^^^^^^^^^^^^^[0m
 [2m3[0m | 
 [2m4[0m | /**
 [2m5[0m |  * عميل المصادقة للسيرفر (Server Components / Server Actions / Route Handlers).
   `----

Import trace for requested module:
./lib/supabase/server.js
./lib/rbac.js
./components/staff/StaffPanel.jsx
 ⨯ [Error: ENOENT: no such file or directory, open 'K:\WEBSIT\Alrahma\Alrahma Admin\.next\routes-manifest.json'] {
  errno: -4058,
  code: 'ENOENT',
  syscall: 'open',
  path: 'K:\\WEBSIT\\Alrahma\\Alrahma Admin\\.next\\routes-manifest.json'
}
[Error: ENOENT: no such file or directory, open 'K:\WEBSIT\Alrahma\Alrahma Admin\.next\routes-manifest.json'] {
  errno: -4058,
  code: 'ENOENT',
  syscall: 'open',
  path: 'K:\\WEBSIT\\Alrahma\\Alrahma Admin\\.next\\routes-manifest.json'
}
[Error: ENOENT: no such file or directory, open 'K:\WEBSIT\Alrahma\Alrahma Admin\.next\routes-manifest.json'] {
  errno: -4058,
  code: 'ENOENT',
  syscall: 'open',
  path: 'K:\\WEBSIT\\Alrahma\\Alrahma Admin\\.next\\routes-manifest.json'
}
 ⨯ ./lib/supabase/server.js
Error:   [31mx[0m You're importing a component that needs "next/headers". That only works in a Server Component which is not supported in the pages/ directory. Read more: https://nextjs.org/docs/app/building-your-application/rendering/server-components
  [31m|[0m

   ,-[[36;1;4mK:\WEBSIT\Alrahma\Alrahma Admin\lib\supabase\server.js[0m:2:1]
 [2m1[0m | import { createServerClient } from "@supabase/ssr";
 [2m2[0m | import { cookies } from "next/headers";
   : [35;1m^^^^^^^^^^^^^^^^^^^^^^^^^^^^^^^^^^^^^^^[0m
 [2m3[0m | 
 [2m4[0m | /**
 [2m5[0m |  * عميل المصادقة للسيرفر (Server Components / Server Actions / Route Handlers).
   `----

Import trace for requested module:
./lib/supabase/server.js
./lib/rbac.js
./components/staff/StaffPanel.jsx
 ⨯ [Error: ENOENT: no such file or directory, open 'K:\WEBSIT\Alrahma\Alrahma Admin\.next\routes-manifest.json'] {
  errno: -4058,
  code: 'ENOENT',
  syscall: 'open',
  path: 'K:\\WEBSIT\\Alrahma\\Alrahma Admin\\.next\\routes-manifest.json'
}
[Error: ENOENT: no such file or directory, open 'K:\WEBSIT\Alrahma\Alrahma Admin\.next\routes-manifest.json'] {
  errno: -4058,
  code: 'ENOENT',
  syscall: 'open',
  path: 'K:\\WEBSIT\\Alrahma\\Alrahma Admin\\.next\\routes-manifest.json'
}
[Error: ENOENT: no such file or directory, open 'K:\WEBSIT\Alrahma\Alrahma Admin\.next\routes-manifest.json'] {
  errno: -4058,
  code: 'ENOENT',
  syscall: 'open',
  path: 'K:\\WEBSIT\\Alrahma\\Alrahma Admin\\.next\\routes-manifest.json'
}
 ⨯ ./lib/supabase/server.js
Error:   [31mx[0m You're importing a component that needs "next/headers". That only works in a Server Component which is not supported in the pages/ directory. Read more: https://nextjs.org/docs/app/building-your-application/rendering/server-components
  [31m|[0m

   ,-[[36;1;4mK:\WEBSIT\Alrahma\Alrahma Admin\lib\supabase\server.js[0m:2:1]
 [2m1[0m | import { createServerClient } from "@supabase/ssr";
 [2m2[0m | import { cookies } from "next/headers";
   : [35;1m^^^^^^^^^^^^^^^^^^^^^^^^^^^^^^^^^^^^^^^[0m
 [2m3[0m | 
 [2m4[0m | /**
 [2m5[0m |  * عميل المصادقة للسيرفر (Server Components / Server Actions / Route Handlers).
   `----

Import trace for requested module:
./lib/supabase/server.js
./lib/rbac.js
./components/staff/StaffPanel.jsx
 ⨯ ./lib/supabase/server.js
Error:   [31mx[0m You're importing a component that needs "next/headers". That only works in a Server Component which is not supported in the pages/ directory. Read more: https://nextjs.org/docs/app/building-your-application/rendering/server-components
  [31m|[0m

   ,-[[36;1;4mK:\WEBSIT\Alrahma\Alrahma Admin\lib\supabase\server.js[0m:2:1]
 [2m1[0m | import { createServerClient } from "@supabase/ssr";
 [2m2[0m | import { cookies } from "next/headers";
   : [35;1m^^^^^^^^^^^^^^^^^^^^^^^^^^^^^^^^^^^^^^^[0m
 [2m3[0m | 
 [2m4[0m | /**
 [2m5[0m |  * عميل المصادقة للسيرفر (Server Components / Server Actions / Route Handlers).
   `----

Import trace for requested module:
./lib/supabase/server.js
./lib/rbac.js
./components/staff/StaffPanel.jsx
 ⨯ ./lib/supabase/server.js
Error:   [31mx[0m You're importing a component that needs "next/headers". That only works in a Server Component which is not supported in the pages/ directory. Read more: https://nextjs.org/docs/app/building-your-application/rendering/server-components
  [31m|[0m

   ,-[[36;1;4mK:\WEBSIT\Alrahma\Alrahma Admin\lib\supabase\server.js[0m:2:1]
 [2m1[0m | import { createServerClient } from "@supabase/ssr";
 [2m2[0m | import { cookies } from "next/headers";
   : [35;1m^^^^^^^^^^^^^^^^^^^^^^^^^^^^^^^^^^^^^^^[0m
 [2m3[0m | 
 [2m4[0m | /**
 [2m5[0m |  * عميل المصادقة للسيرفر (Server Components / Server Actions / Route Handlers).
   `----

Import trace for requested module:
./lib/supabase/server.js
./lib/rbac.js
./components/AdminShell.jsx
 ⨯ ./lib/supabase/server.js
Error:   [31mx[0m You're importing a component that needs "next/headers". That only works in a Server Component which is not supported in the pages/ directory. Read more: https://nextjs.org/docs/app/building-your-application/rendering/server-components
  [31m|[0m

   ,-[[36;1;4mK:\WEBSIT\Alrahma\Alrahma Admin\lib\supabase\server.js[0m:2:1]
 [2m1[0m | import { createServerClient } from "@supabase/ssr";
 [2m2[0m | import { cookies } from "next/headers";
   : [35;1m^^^^^^^^^^^^^^^^^^^^^^^^^^^^^^^^^^^^^^^[0m
 [2m3[0m | 
 [2m4[0m | /**
 [2m5[0m |  * عميل المصادقة للسيرفر (Server Components / Server Actions / Route Handlers).
   `----

Import trace for requested module:
./lib/supabase/server.js
./lib/rbac.js
./components/AdminShell.jsx
 ⨯ ./lib/supabase/server.js
Error:   [31mx[0m You're importing a component that needs "next/headers". That only works in a Server Component which is not supported in the pages/ directory. Read more: https://nextjs.org/docs/app/building-your-application/rendering/server-components
  [31m|[0m

   ,-[[36;1;4mK:\WEBSIT\Alrahma\Alrahma Admin\lib\supabase\server.js[0m:2:1]
 [2m1[0m | import { createServerClient } from "@supabase/ssr";
 [2m2[0m | import { cookies } from "next/headers";
   : [35;1m^^^^^^^^^^^^^^^^^^^^^^^^^^^^^^^^^^^^^^^[0m
 [2m3[0m | 
 [2m4[0m | /**
 [2m5[0m |  * عميل المصادقة للسيرفر (Server Components / Server Actions / Route Handlers).
   `----

Import trace for requested module:
./lib/supabase/server.js
./lib/rbac.js
./components/AdminShell.jsx
 ⨯ ./lib/supabase/server.js
Error:   [31mx[0m You're importing a component that needs "next/headers". That only works in a Server Component which is not supported in the pages/ directory. Read more: https://nextjs.org/docs/app/building-your-application/rendering/server-components
  [31m|[0m

   ,-[[36;1;4mK:\WEBSIT\Alrahma\Alrahma Admin\lib\supabase\server.js[0m:2:1]
 [2m1[0m | import { createServerClient } from "@supabase/ssr";
 [2m2[0m | import { cookies } from "next/headers";
   : [35;1m^^^^^^^^^^^^^^^^^^^^^^^^^^^^^^^^^^^^^^^[0m
 [2m3[0m | 
 [2m4[0m | /**
 [2m5[0m |  * عميل المصادقة للسيرفر (Server Components / Server Actions / Route Handlers).
   `----

Import trace for requested module:
./lib/supabase/server.js
./lib/rbac.js
./components/AdminShell.jsx
<w> [webpack.cache.PackFileCacheStrategy] Caching failed for pack: Error: ENOENT: no such file or directory, stat 'K:\WEBSIT\Alrahma\Alrahma Admin\.next\cache\webpack\client-development\1.pack.gz'
 ⨯ Error: ENOENT: no such file or directory, open 'K:\WEBSIT\Alrahma\Alrahma Admin\.next\server\vendor-chunks\next.js'
    at <unknown> (K:\WEBSIT\Alrahma\Alrahma Admin\.next\server\app\page.js:291:47)
    at Object.<anonymous> (K:\WEBSIT\Alrahma\Alrahma Admin\.next\server\app\page.js:294:3) {
  errno: -4058,
  code: 'ENOENT',
  syscall: 'open',
  path: 'K:\\WEBSIT\\Alrahma\\Alrahma Admin\\.next\\server\\vendor-chunks\\next.js',
  page: '/'
}
 ⨯ Error: Cannot find module './611.js'
Require stack:
- K:\WEBSIT\Alrahma\Alrahma Admin\.next\server\webpack-runtime.js
- K:\WEBSIT\Alrahma\Alrahma Admin\.next\server\app\page.js
- K:\WEBSIT\Alrahma\Alrahma Admin\node_modules\next\dist\server\require.js
- K:\WEBSIT\Alrahma\Alrahma Admin\node_modules\next\dist\server\load-components.js
- K:\WEBSIT\Alrahma\Alrahma Admin\node_modules\next\dist\build\utils.js
- K:\WEBSIT\Alrahma\Alrahma Admin\node_modules\next\dist\build\swc\options.js
- K:\WEBSIT\Alrahma\Alrahma Admin\node_modules\next\dist\build\swc\index.js
- K:\WEBSIT\Alrahma\Alrahma Admin\node_modules\next\dist\build\analysis\parse-module.js
- K:\WEBSIT\Alrahma\Alrahma Admin\node_modules\next\dist\build\analysis\get-page-static-info.js
- K:\WEBSIT\Alrahma\Alrahma Admin\node_modules\next\dist\server\lib\router-utils\setup-dev-bundler.js
- K:\WEBSIT\Alrahma\Alrahma Admin\node_modules\next\dist\server\lib\router-server.js
- K:\WEBSIT\Alrahma\Alrahma Admin\node_modules\next\dist\server\lib\start-server.js
    at <unknown> (K:\WEBSIT\Alrahma\Alrahma Admin\.next\server\pages\_document.js:1:325)
    at Object.<anonymous> (K:\WEBSIT\Alrahma\Alrahma Admin\.next\server\pages\_document.js:1:371) {
  code: 'MODULE_NOT_FOUND',
  requireStack: [Array]
}
[TypeError: Cannot read properties of undefined (reading '/_app')]
 ⨯ [TypeError: Cannot read properties of undefined (reading '/_app')]
Error: ENOENT: no such file or directory, open 'K:\WEBSIT\Alrahma\Alrahma Admin\.next\server\vendor-chunks\next.js'
    at <unknown> (K:\WEBSIT\Alrahma\Alrahma Admin\.next\server\app\page.js:291:47)
    at Object.<anonymous> (K:\WEBSIT\Alrahma\Alrahma Admin\.next\server\app\page.js:294:3) {
  errno: -4058,
  code: 'ENOENT',
  syscall: 'open',
  path: 'K:\\WEBSIT\\Alrahma\\Alrahma Admin\\.next\\server\\vendor-chunks\\next.js',
  page: '/'
}
 ⨯ Error: Cannot find module './611.js'
Require stack:
- K:\WEBSIT\Alrahma\Alrahma Admin\.next\server\webpack-runtime.js
- K:\WEBSIT\Alrahma\Alrahma Admin\.next\server\app\page.js
- K:\WEBSIT\Alrahma\Alrahma Admin\node_modules\next\dist\server\require.js
- K:\WEBSIT\Alrahma\Alrahma Admin\node_modules\next\dist\server\load-components.js
- K:\WEBSIT\Alrahma\Alrahma Admin\node_modules\next\dist\build\utils.js
- K:\WEBSIT\Alrahma\Alrahma Admin\node_modules\next\dist\build\swc\options.js
- K:\WEBSIT\Alrahma\Alrahma Admin\node_modules\next\dist\build\swc\index.js
- K:\WEBSIT\Alrahma\Alrahma Admin\node_modules\next\dist\build\analysis\parse-module.js
- K:\WEBSIT\Alrahma\Alrahma Admin\node_modules\next\dist\build\analysis\get-page-static-info.js
- K:\WEBSIT\Alrahma\Alrahma Admin\node_modules\next\dist\server\lib\router-utils\setup-dev-bundler.js
- K:\WEBSIT\Alrahma\Alrahma Admin\node_modules\next\dist\server\lib\router-server.js
- K:\WEBSIT\Alrahma\Alrahma Admin\node_modules\next\dist\server\lib\start-server.js
    at <unknown> (K:\WEBSIT\Alrahma\Alrahma Admin\.next\server\pages\_document.js:1:325)
    at Object.<anonymous> (K:\WEBSIT\Alrahma\Alrahma Admin\.next\server\pages\_document.js:1:371) {
  code: 'MODULE_NOT_FOUND',
  requireStack: [Array]
}
[TypeError: Cannot read properties of undefined (reading '/_app')]
 ⨯ [TypeError: Cannot read properties of undefined (reading '/_app')]
[TypeError: Cannot read properties of undefined (reading '/_app')]
 ⨯ Error: ENOENT: no such file or directory, open 'K:\WEBSIT\Alrahma\Alrahma Admin\.next\server\vendor-chunks\next.js'
    at <unknown> (K:\WEBSIT\Alrahma\Alrahma Admin\.next\server\app\page.js:291:47)
    at Object.<anonymous> (K:\WEBSIT\Alrahma\Alrahma Admin\.next\server\app\page.js:294:3) {
  errno: -4058,
  code: 'ENOENT',
  syscall: 'open',
  path: 'K:\\WEBSIT\\Alrahma\\Alrahma Admin\\.next\\server\\vendor-chunks\\next.js',
  page: '/'
}
 ⨯ Error: Cannot find module './611.js'
Require stack:
- K:\WEBSIT\Alrahma\Alrahma Admin\.next\server\webpack-runtime.js
- K:\WEBSIT\Alrahma\Alrahma Admin\.next\server\app\page.js
- K:\WEBSIT\Alrahma\Alrahma Admin\node_modules\next\dist\server\require.js
- K:\WEBSIT\Alrahma\Alrahma Admin\node_modules\next\dist\server\load-components.js
- K:\WEBSIT\Alrahma\Alrahma Admin\node_modules\next\dist\build\utils.js
- K:\WEBSIT\Alrahma\Alrahma Admin\node_modules\next\dist\build\swc\options.js
- K:\WEBSIT\Alrahma\Alrahma Admin\node_modules\next\dist\build\swc\index.js
- K:\WEBSIT\Alrahma\Alrahma Admin\node_modules\next\dist\build\analysis\parse-module.js
- K:\WEBSIT\Alrahma\Alrahma Admin\node_modules\next\dist\build\analysis\get-page-static-info.js
- K:\WEBSIT\Alrahma\Alrahma Admin\node_modules\next\dist\server\lib\router-utils\setup-dev-bundler.js
- K:\WEBSIT\Alrahma\Alrahma Admin\node_modules\next\dist\server\lib\router-server.js
- K:\WEBSIT\Alrahma\Alrahma Admin\node_modules\next\dist\server\lib\start-server.js
    at <unknown> (K:\WEBSIT\Alrahma\Alrahma Admin\.next\server\pages\_document.js:1:325)
    at Object.<anonymous> (K:\WEBSIT\Alrahma\Alrahma Admin\.next\server\pages\_document.js:1:371) {
  code: 'MODULE_NOT_FOUND',
  requireStack: [Array]
}
[TypeError: Cannot read properties of undefined (reading '/_app')]
 ⨯ [TypeError: Cannot read properties of undefined (reading '/_app')]
Error: ENOENT: no such file or directory, open 'K:\WEBSIT\Alrahma\Alrahma Admin\.next\server\vendor-chunks\next.js'
    at <unknown> (K:\WEBSIT\Alrahma\Alrahma Admin\.next\server\app\page.js:291:47)
    at Object.<anonymous> (K:\WEBSIT\Alrahma\Alrahma Admin\.next\server\app\page.js:294:3) {
  errno: -4058,
  code: 'ENOENT',
  syscall: 'open',
  path: 'K:\\WEBSIT\\Alrahma\\Alrahma Admin\\.next\\server\\vendor-chunks\\next.js',
  page: '/'
}
 ⨯ Error: Cannot find module './611.js'
Require stack:
- K:\WEBSIT\Alrahma\Alrahma Admin\.next\server\webpack-runtime.js
- K:\WEBSIT\Alrahma\Alrahma Admin\.next\server\app\page.js
- K:\WEBSIT\Alrahma\Alrahma Admin\node_modules\next\dist\server\require.js
- K:\WEBSIT\Alrahma\Alrahma Admin\node_modules\next\dist\server\load-components.js
- K:\WEBSIT\Alrahma\Alrahma Admin\node_modules\next\dist\build\utils.js
- K:\WEBSIT\Alrahma\Alrahma Admin\node_modules\next\dist\build\swc\options.js
- K:\WEBSIT\Alrahma\Alrahma Admin\node_modules\next\dist\build\swc\index.js
- K:\WEBSIT\Alrahma\Alrahma Admin\node_modules\next\dist\build\analysis\parse-module.js
- K:\WEBSIT\Alrahma\Alrahma Admin\node_modules\next\dist\build\analysis\get-page-static-info.js
- K:\WEBSIT\Alrahma\Alrahma Admin\node_modules\next\dist\server\lib\router-utils\setup-dev-bundler.js
- K:\WEBSIT\Alrahma\Alrahma Admin\node_modules\next\dist\server\lib\router-server.js
- K:\WEBSIT\Alrahma\Alrahma Admin\node_modules\next\dist\server\lib\start-server.js
    at <unknown> (K:\WEBSIT\Alrahma\Alrahma Admin\.next\server\pages\_document.js:1:325)
    at Object.<anonymous> (K:\WEBSIT\Alrahma\Alrahma Admin\.next\server\pages\_document.js:1:371) {
  code: 'MODULE_NOT_FOUND',
  requireStack: [Array]
}
[TypeError: Cannot read properties of undefined (reading '/_app')]
 ⨯ [TypeError: Cannot read properties of undefined (reading '/_app')]
[TypeError: Cannot read properties of undefined (reading '/_app')]
