
> alrahma-admin@0.1.0 dev
> next dev -p 3001

   ▲ Next.js 15.5.25
   - Local:        http://localhost:3001
   - Network:      http://192.168.1.3:3001
   - Environments: .env.local

 ✓ Starting...
 ✓ Ready in 14.1s
 ✓ Compiled /middleware in 3.1s
 ✓ Compiled (170 modules)
 ○ Compiling /dashboard/staff ...
 ✓ Compiled /dashboard/staff in 25.5s (968 modules)
 ✓ Compiled in 2.7s (306 modules)
 GET /dashboard/staff 200 in 29329ms
 ○ Compiling /dashboard/applications ...
 ✓ Compiled /dashboard/cms in 7.5s (1804 modules)
 ○ Compiling /dashboard/account ...
 GET /dashboard/applications 200 in 8096ms
 GET /dashboard/cms 200 in 4795ms
 ✓ Compiled /dashboard/account in 1990ms (1812 modules)
 GET /dashboard/account 200 in 2346ms
 GET /dashboard/staff 200 in 265ms
 GET /dashboard/staff 200 in 532ms
 GET /dashboard/staff 200 in 337ms
 GET /dashboard/staff 200 in 112ms
 ○ Compiling / ...
 ✓ Compiled /dashboard in 5.8s (1827 modules)
 GET / 200 in 7287ms
 GET /dashboard/cms 200 in 4401ms
 GET /dashboard 200 in 7816ms
 GET / 200 in 504ms
 GET /dashboard 200 in 824ms
 GET /dashboard/staff 200 in 980ms
 GET /dashboard/cms 200 in 522ms
 GET / 200 in 243ms
 GET /dashboard/staff 200 in 861ms
 GET /dashboard/staff 200 in 506ms
 GET /dashboard/account 200 in 366ms
 GET /dashboard/staff 200 in 570ms
 GET /dashboard/staff 200 in 461ms
 GET /dashboard/account 200 in 375ms
 GET /dashboard/account 200 in 213ms
 GET /dashboard/cms 200 in 344ms
 GET /dashboard/cms 200 in 416ms
 ○ Compiling /dashboard/jobs ...
 ✓ Compiled /dashboard in 3.6s (1826 modules)
 GET /dashboard 200 in 3636ms
 GET /dashboard 200 in 819ms
 GET /dashboard 200 in 706ms
 GET /dashboard/jobs 200 in 257ms
 GET /dashboard/account 200 in 185ms
 GET /dashboard/account 200 in 166ms
 ○ Compiling /dashboard/support ...
 ✓ Compiled /dashboard/support in 2.9s (1827 modules)
 GET /dashboard/support 200 in 845ms
 GET /dashboard/account 200 in 91ms
 GET /dashboard/account 200 in 3118ms
 GET /dashboard/staff 200 in 859ms
 GET /dashboard/support 200 in 437ms
 ○ Compiling /dashboard/applications ...
 ✓ Compiled /dashboard/applications in 571ms (1127 modules)
 ✓ Compiled in 0ms (1127 modules)
 ✓ Compiled in 0ms (1127 modules)
 ✓ Compiled in 1ms (1127 modules)
 ✓ Compiled in 0ms (1127 modules)
 GET /dashboard/staff 200 in 3843ms
 GET /dashboard/support 200 in 4074ms
 GET /dashboard/support 200 in 348ms
 GET /dashboard/staff 200 in 411ms
 GET /dashboard/support 200 in 48ms
 GET /dashboard/staff 200 in 445ms
 GET /dashboard/staff 200 in 665ms
 GET /dashboard/staff 200 in 1141ms
 ○ Compiling /dashboard/jobs ...
 ✓ Compiled /dashboard/jobs in 2.1s (1117 modules)
 ✓ Compiled in 1ms (1117 modules)
 ✓ Compiled in 0ms (1117 modules)
 ✓ Compiled in 1ms (1117 modules)
 GET /dashboard/cms 200 in 1276ms
 GET /dashboard/support 200 in 3875ms
 GET /dashboard 200 in 685ms
 GET /dashboard/staff 200 in 315ms
 GET /dashboard/support 200 in 145ms
 ✓ Compiled /dashboard/account in 451ms (1123 modules)
 GET /dashboard/account 200 in 790ms
 GET /dashboard/staff 200 in 908ms
 GET /dashboard/staff 200 in 1254ms
 ○ Compiling /dashboard/applications ...
 ✓ Compiled /dashboard/applications in 755ms (1138 modules)
 GET /dashboard/applications 200 in 1551ms
 POST /dashboard/staff 200 in 1311ms
 GET /dashboard/staff 200 in 872ms
 POST /dashboard/staff 200 in 805ms
 POST /dashboard/staff 200 in 818ms
 GET / 200 in 98ms
 GET / 200 in 61ms
 GET /dashboard 200 in 842ms
 GET /dashboard/cms 200 in 652ms
 GET /dashboard/account 200 in 188ms
 GET /dashboard 200 in 472ms
 GET /dashboard 200 in 714ms
 GET /dashboard/applications 200 in 328ms
 GET /dashboard/staff 200 in 254ms
 GET /dashboard/jobs 200 in 394ms
 GET /dashboard/staff 200 in 352ms
 GET /dashboard/jobs 200 in 1109ms
 GET /dashboard/cms 200 in 882ms
 GET /dashboard/account 200 in 416ms
 GET /dashboard/account 200 in 321ms
 GET /dashboard 200 in 475ms
 GET /dashboard/account 200 in 590ms
 GET /dashboard/staff 307 in 491ms
 GET /dashboard/staff 200 in 480ms
 GET /dashboard?denied=1 200 in 760ms
 GET /dashboard?denied=1 200 in 486ms
 GET /dashboard?denied=1 200 in 654ms
 GET /dashboard/jobs 200 in 278ms
 GET /dashboard/support 200 in 598ms
 GET /dashboard/support 200 in 854ms
 GET / 200 in 41ms
 GET / 200 in 45ms
