
> alrahma-admin@0.1.0 dev
> next dev -p 3001

   ▲ Next.js 15.5.25
   - Local:        http://localhost:3001
   - Network:      http://192.168.1.3:3001
   - Environments: .env.local

 ✓ Starting...
 ✓ Ready in 7s
 ✓ Compiled /middleware in 1371ms
 ✓ Compiled (170 modules)
 ○ Compiling /dashboard/account ...
 ✓ Compiled /dashboard/account in 14.8s (1754 modules)
 GET /dashboard/account 200 in 18377ms
 GET /dashboard/account 200 in 804ms
 ○ Compiling /dashboard/cms ...
 ✓ Compiled /dashboard/cms in 4.7s (1779 modules)
 GET /dashboard/account 200 in 132ms
 GET /dashboard/cms 200 in 5498ms
 ○ Compiling /dashboard/jobs ...
 ✓ Compiled /dashboard/jobs in 1432ms (1781 modules)
 GET /dashboard/cms 200 in 1297ms
 GET /dashboard/cms 200 in 1296ms
 GET /dashboard/jobs 200 in 276ms
 ○ Compiling /dashboard/staff ...
 ✓ Compiled /dashboard/support in 4.6s (1821 modules)
 GET /dashboard/account 200 in 1083ms
 GET /dashboard/applications 200 in 6612ms
 GET /dashboard/support 200 in 3240ms
 GET /dashboard/staff 200 in 337ms
 GET /dashboard/staff 200 in 50ms
 GET /dashboard/staff 200 in 132ms
 GET /dashboard/account 200 in 328ms
 GET /dashboard/account 200 in 403ms
 ○ Compiling / ...
 ✓ Compiled / in 3.6s (1829 modules)
 GET / 200 in 4473ms
 GET /dashboard/cms 200 in 1701ms
 GET / 200 in 956ms
 ○ Compiling /dashboard ...
 ✓ Compiled /dashboard in 1239ms (1836 modules)
 GET /dashboard 200 in 2398ms
 GET /dashboard/account 200 in 635ms
 GET /dashboard/support 200 in 380ms
 GET /dashboard/support 200 in 550ms
 GET /dashboard/staff 200 in 375ms
 GET /dashboard/account 200 in 393ms
 GET /dashboard/applications 200 in 722ms
 GET /dashboard/applications 200 in 437ms
 GET /dashboard/cms 200 in 517ms
 GET /dashboard/applications 200 in 159ms
 GET /dashboard/support 200 in 302ms
 GET /dashboard/support 200 in 473ms
 GET /dashboard/staff 200 in 508ms
 GET /dashboard/staff 200 in 48ms
 GET /dashboard/support 200 in 376ms
 GET /dashboard/support 200 in 312ms
 GET /dashboard/account 200 in 433ms
 GET /dashboard/account 200 in 202ms
 GET /dashboard 200 in 931ms
 GET /dashboard 200 in 688ms
 GET /dashboard/cms 200 in 766ms
 GET /dashboard/cms 200 in 213ms
 GET /dashboard/account 200 in 258ms
 GET /dashboard/staff 200 in 54ms
 GET /dashboard/staff 200 in 411ms
 GET /dashboard/account 200 in 859ms
 GET /dashboard/account 200 in 220ms
 GET /dashboard/staff 200 in 307ms
 GET /dashboard/staff 200 in 50ms
 GET /dashboard/support 200 in 338ms
 GET /dashboard/support 200 in 510ms
 GET /dashboard/applications 200 in 622ms
 GET /dashboard/applications 200 in 296ms
 GET /dashboard/jobs 200 in 337ms
 GET /dashboard/applications 200 in 463ms
 GET /dashboard/applications 200 in 464ms
 GET /dashboard/support 200 in 396ms
 GET /dashboard/support 200 in 435ms
 GET /dashboard/staff 200 in 241ms
 GET /dashboard/staff 200 in 579ms
 GET /dashboard/support 200 in 219ms
 GET /dashboard/staff 200 in 243ms
 GET /dashboard/support 200 in 370ms
 GET /dashboard/support 200 in 380ms
 GET /dashboard 200 in 588ms
 GET /dashboard/cms 200 in 547ms
 GET /dashboard/cms 200 in 1269ms
 GET /dashboard 200 in 1498ms
 ✓ Compiled in 3.6s (725 modules)
 GET /dashboard/cms 200 in 140ms
 ○ Compiling /_error ...
 GET /dashboard/cms 500 in 11371ms
 GET /dashboard/cms 500 in 51ms
 GET /dashboard/cms 500 in 33ms
 GET /dashboard/cms 500 in 42ms
 GET /dashboard/cms 500 in 256ms
 GET /dashboard/cms 500 in 133ms
 GET /dashboard/cms 500 in 1481ms
 GET /dashboard/cms 500 in 44ms
 GET /dashboard/cms 500 in 195ms
 GET /dashboard/cms 500 in 53ms
 ✓ Compiled /_error in 1197ms (2176 modules)
 ✓ Compiled in 1218ms (2162 modules)
 ✓ Compiled in 1190ms (2176 modules)
 ○ Compiling / ...
 ✓ Compiled / in 1469ms (1300 modules)
 GET / 500 in 1768ms
 GET / 500 in 65ms
 GET / 500 in 238ms
 GET / 500 in 69ms
[?25h
