
> alrahma-admin@0.1.0 dev
> next dev -p 3001

   ▲ Next.js 15.5.25
   - Local:        http://localhost:3001
   - Network:      http://192.168.1.3:3001
   - Environments: .env.local

 ✓ Starting...
 ✓ Ready in 6.5s
 ○ Compiling /middleware ...
 ✓ Compiled /middleware in 2.3s (170 modules)
 ○ Compiling / ...
 ✓ Compiled / in 12.4s (1461 modules)
 GET / 200 in 14247ms
 GET / 200 in 585ms
 ○ Compiling /dashboard ...
 ✓ Compiled /dashboard in 3.9s (1770 modules)
 GET /dashboard 200 in 5860ms
 ○ Compiling /dashboard/staff ...
 ✓ Compiled /dashboard/staff in 1124ms (1772 modules)
 GET /dashboard/staff 200 in 2286ms
 ✓ Compiled in 1586ms (1468 modules)
 ✓ Compiled in 532ms (696 modules)
 ✓ Compiled in 667ms (710 modules)
 ○ Compiling /_error ...
 ✓ Compiled /_error in 4.5s (1815 modules)
 GET / 500 in 6977ms
 GET / 500 in 391ms
