   ▲ Next.js 15.5.25
   - Local:        http://localhost:3000
   - Network:      http://192.168.1.3:3000
   - Environments: .env.local

 ✓ Starting...
 ✓ Ready in 30.9s
 ○ Compiling / ...
 ✓ Compiled / in 3.4s (1489 modules)
 GET / 200 in 6135ms
 ✓ Compiled in 11.6s (1503 modules)
 ✓ Compiled in 976ms (666 modules)
 GET / 200 in 1377ms
 GET / 200 in 56ms
 GET / 200 in 947ms
 GET / 200 in 245ms
 GET / 200 in 399ms
 GET / 200 in 341ms
 GET / 200 in 740ms
 ✓ Compiled in 7.8s (1503 modules)
 GET / 200 in 336ms
 ✓ Compiled in 1082ms (1503 modules)
 GET / 200 in 280ms
 ✓ Compiled in 1150ms (1503 modules)
 GET / 200 in 134ms
 ✓ Compiled in 562ms (1503 modules)
 GET / 200 in 139ms
 ✓ Compiled in 3.3s (1503 modules)
 GET / 200 in 165ms
 ✓ Compiled in 1808ms (1503 modules)
 GET / 200 in 108ms
 ✓ Compiled in 787ms (1503 modules)
 GET / 200 in 110ms
 ✓ Compiled in 884ms (1503 modules)
 GET / 200 in 164ms
 ✓ Compiled in 555ms (1503 modules)
 GET / 200 in 89ms
 ✓ Compiled in 636ms (1503 modules)
 GET / 200 in 118ms
 ✓ Compiled in 652ms (1503 modules)
 GET / 200 in 154ms
 ✓ Compiled in 898ms (1503 modules)
 GET / 200 in 144ms
 ✓ Compiled in 723ms (1503 modules)
 GET / 200 in 129ms
 ✓ Compiled in 1017ms (1503 modules)
 GET / 200 in 101ms
 ✓ Compiled in 1120ms (1503 modules)
 GET / 200 in 147ms
 ✓ Compiled in 1682ms (1503 modules)
 ✓ Compiled in 848ms (1503 modules)
 ✓ Compiled in 721ms (1503 modules)
 ✓ Compiled in 1220ms (1503 modules)
 ✓ Compiled in 948ms (1503 modules)
 ✓ Compiled in 639ms (1503 modules)
 ✓ Compiled in 620ms (1503 modules)
 ✓ Compiled in 866ms (1503 modules)
 ✓ Compiled in 655ms (1503 modules)
 ✓ Compiled in 616ms (1503 modules)
 ✓ Compiled in 619ms (1503 modules)
